gpl.cpp::main()
  input file(tests/t004.gpl)
  random seed(42)
  read_keypresses_from_standard_input(true)
  dump_pixels(false)
  symbol_table(true)
  graphics(true)

gpl.cpp::main() Calling yyparse()


gpl.cpp::main() after call to yyparse().


Printing the symbol table from main()
rectangle my_rect
{
    animation_block = NULL,
    blue = double(0),
    drawing_order = int(0),
    green = double(0),
    h = int(4),
    proximity = int(4),
    red = double(1),
    rotation = double(0),
    user_double = double(0),
    user_double2 = double(0),
    user_double3 = double(0),
    user_double4 = double(0),
    user_double5 = double(0),
    user_int = int(0),
    user_int2 = int(0),
    user_int3 = int(0),
    user_int4 = int(0),
    user_int5 = int(0),
    user_string = string(""),
    user_string2 = string(""),
    user_string3 = string(""),
    user_string4 = string(""),
    user_string5 = string(""),
    visible = int(1),
    w = int(3),
    x = int(1),
    y = int(2)
}
gpl.cpp::main() Calling window->initialize().


gpl.cpp::main() Passing control to window->main_loop().
print[5]: my_rect.x = 1
print[6]: my_rect.y = 2
print[7]: my_rect.w = 3
print[8]: my_rect.h = 4

User quit program. Printing the symbol table.
rectangle my_rect
{
    animation_block = NULL,
    blue = double(0),
    drawing_order = int(0),
    green = double(0),
    h = int(4),
    proximity = int(4),
    red = double(1),
    rotation = double(0),
    user_double = double(0),
    user_double2 = double(0),
    user_double3 = double(0),
    user_double4 = double(0),
    user_double5 = double(0),
    user_int = int(0),
    user_int2 = int(0),
    user_int3 = int(0),
    user_int4 = int(0),
    user_int5 = int(0),
    user_string = string(""),
    user_string2 = string(""),
    user_string3 = string(""),
    user_string4 = string(""),
    user_string5 = string(""),
    visible = int(1),
    w = int(3),
    x = int(1),
    y = int(2)
}
