gpl.cpp::main()
  input file(tests/t006.gpl)
  random seed(42)
  read_keypresses_from_standard_input(true)
  dump_pixels(false)
  symbol_table(true)
  graphics(true)

gpl.cpp::main() Calling yyparse()


gpl.cpp::main() after call to yyparse().


Printing the symbol table from main()
gpl.cpp::main() Calling window->initialize().


gpl.cpp::main() Passing control to window->main_loop().
print[3]: There 
print[7]: are 
print[11]: ten 
print[15]: event 
print[19]: handlers 
print[23]: for the akey 
print[27]: in this tests.
print[31]: Did you print the 
print[35]: text from all 
print[39]: ten?
print[3]: There 
print[7]: are 
print[11]: ten 
print[15]: event 
print[19]: handlers 
print[23]: for the akey 
print[27]: in this tests.
print[31]: Did you print the 
print[35]: text from all 
print[39]: ten?
print[3]: There 
print[7]: are 
print[11]: ten 
print[15]: event 
print[19]: handlers 
print[23]: for the akey 
print[27]: in this tests.
print[31]: Did you print the 
print[35]: text from all 
print[39]: ten?
print[3]: There 
print[7]: are 
print[11]: ten 
print[15]: event 
print[19]: handlers 
print[23]: for the akey 
print[27]: in this tests.
print[31]: Did you print the 
print[35]: text from all 
print[39]: ten?
print[3]: There 
print[7]: are 
print[11]: ten 
print[15]: event 
print[19]: handlers 
print[23]: for the akey 
print[27]: in this tests.
print[31]: Did you print the 
print[35]: text from all 
print[39]: ten?
print[3]: There 
print[7]: are 
print[11]: ten 
print[15]: event 
print[19]: handlers 
print[23]: for the akey 
print[27]: in this tests.
print[31]: Did you print the 
print[35]: text from all 
print[39]: ten?

User quit program. Printing the symbol table.
