gpl.cpp::main()
  input file(tests/t030.gpl)
  random seed(42)
  read_keypresses_from_standard_input(true)
  dump_pixels(false)
  symbol_table(true)
  graphics(true)

gpl.cpp::main() Calling yyparse()


gpl.cpp::main() after call to yyparse().


Printing the symbol table from main()
int a = 20
int b = 22
int c = -99999
gpl.cpp::main() Calling window->initialize().


gpl.cpp::main() Passing control to window->main_loop().
print[12]: a = 20
print[13]: b = 22
print[14]: c = 42

User quit program. Printing the symbol table.
int a = 20
int b = 22
int c = 42
