gpl.cpp::main()
  input file(tests/t045.gpl)
  random seed(42)
  read_keypresses_from_standard_input(true)
  dump_pixels(false)
  symbol_table(true)
  graphics(true)

gpl.cpp::main() Calling yyparse()


gpl.cpp::main() after call to yyparse().


Printing the symbol table from main()
string str = "hello"
double x = 3.14159
gpl.cpp::main() Calling window->initialize().


gpl.cpp::main() Passing control to window->main_loop().
print[11]: str = hello3.14159

User quit program. Printing the symbol table.
string str = "hello3.14159"
double x = 3.14159
