gpl.cpp::main()
  input file(tests/t051.gpl)
  random seed(42)
  read_keypresses_from_standard_input(true)
  dump_pixels(true, file = results/t051.mypixels)
  symbol_table(true)
  graphics(true)

gpl.cpp::main() Calling yyparse()


gpl.cpp::main() after call to yyparse().


Printing the symbol table from main()
circle circles[0]
{
    animation_block = NULL,
    blue = double(1),
    drawing_order = int(0),
    green = double(0),
    h = int(20),
    proximity = int(4),
    radius = int(10),
    red = double(0),
    user_double = double(0),
    user_double2 = double(0),
    user_double3 = double(0),
    user_double4 = double(0),
    user_double5 = double(0),
    user_int = int(0),
    user_int2 = int(0),
    user_int3 = int(0),
    user_int4 = int(0),
    user_int5 = int(0),
    user_string = string(""),
    user_string2 = string(""),
    user_string3 = string(""),
    user_string4 = string(""),
    user_string5 = string(""),
    visible = int(1),
    w = int(20),
    x = int(0),
    y = int(0)
}
circle circles[1]
{
    animation_block = NULL,
    blue = double(1),
    drawing_order = int(0),
    green = double(0),
    h = int(20),
    proximity = int(4),
    radius = int(10),
    red = double(0),
    user_double = double(0),
    user_double2 = double(0),
    user_double3 = double(0),
    user_double4 = double(0),
    user_double5 = double(0),
    user_int = int(0),
    user_int2 = int(0),
    user_int3 = int(0),
    user_int4 = int(0),
    user_int5 = int(0),
    user_string = string(""),
    user_string2 = string(""),
    user_string3 = string(""),
    user_string4 = string(""),
    user_string5 = string(""),
    visible = int(1),
    w = int(20),
    x = int(0),
    y = int(0)
}
circle circles[2]
{
    animation_block = NULL,
    blue = double(1),
    drawing_order = int(0),
    green = double(0),
    h = int(20),
    proximity = int(4),
    radius = int(10),
    red = double(0),
    user_double = double(0),
    user_double2 = double(0),
    user_double3 = double(0),
    user_double4 = double(0),
    user_double5 = double(0),
    user_int = int(0),
    user_int2 = int(0),
    user_int3 = int(0),
    user_int4 = int(0),
    user_int5 = int(0),
    user_string = string(""),
    user_string2 = string(""),
    user_string3 = string(""),
    user_string4 = string(""),
    user_string5 = string(""),
    visible = int(1),
    w = int(20),
    x = int(0),
    y = int(0)
}
circle circles[3]
{
    animation_block = NULL,
    blue = double(1),
    drawing_order = int(0),
    green = double(0),
    h = int(20),
    proximity = int(4),
    radius = int(10),
    red = double(0),
    user_double = double(0),
    user_double2 = double(0),
    user_double3 = double(0),
    user_double4 = double(0),
    user_double5 = double(0),
    user_int = int(0),
    user_int2 = int(0),
    user_int3 = int(0),
    user_int4 = int(0),
    user_int5 = int(0),
    user_string = string(""),
    user_string2 = string(""),
    user_string3 = string(""),
    user_string4 = string(""),
    user_string5 = string(""),
    visible = int(1),
    w = int(20),
    x = int(0),
    y = int(0)
}
circle circles[4]
{
    animation_block = NULL,
    blue = double(1),
    drawing_order = int(0),
    green = double(0),
    h = int(20),
    proximity = int(4),
    radius = int(10),
    red = double(0),
    user_double = double(0),
    user_double2 = double(0),
    user_double3 = double(0),
    user_double4 = double(0),
    user_double5 = double(0),
    user_int = int(0),
    user_int2 = int(0),
    user_int3 = int(0),
    user_int4 = int(0),
    user_int5 = int(0),
    user_string = string(""),
    user_string2 = string(""),
    user_string3 = string(""),
    user_string4 = string(""),
    user_string5 = string(""),
    visible = int(1),
    w = int(20),
    x = int(0),
    y = int(0)
}
circle circles[5]
{
    animation_block = NULL,
    blue = double(1),
    drawing_order = int(0),
    green = double(0),
    h = int(20),
    proximity = int(4),
    radius = int(10),
    red = double(0),
    user_double = double(0),
    user_double2 = double(0),
    user_double3 = double(0),
    user_double4 = double(0),
    user_double5 = double(0),
    user_int = int(0),
    user_int2 = int(0),
    user_int3 = int(0),
    user_int4 = int(0),
    user_int5 = int(0),
    user_string = string(""),
    user_string2 = string(""),
    user_string3 = string(""),
    user_string4 = string(""),
    user_string5 = string(""),
    visible = int(1),
    w = int(20),
    x = int(0),
    y = int(0)
}
circle circles[6]
{
    animation_block = NULL,
    blue = double(1),
    drawing_order = int(0),
    green = double(0),
    h = int(20),
    proximity = int(4),
    radius = int(10),
    red = double(0),
    user_double = double(0),
    user_double2 = double(0),
    user_double3 = double(0),
    user_double4 = double(0),
    user_double5 = double(0),
    user_int = int(0),
    user_int2 = int(0),
    user_int3 = int(0),
    user_int4 = int(0),
    user_int5 = int(0),
    user_string = string(""),
    user_string2 = string(""),
    user_string3 = string(""),
    user_string4 = string(""),
    user_string5 = string(""),
    visible = int(1),
    w = int(20),
    x = int(0),
    y = int(0)
}
circle circles[7]
{
    animation_block = NULL,
    blue = double(1),
    drawing_order = int(0),
    green = double(0),
    h = int(20),
    proximity = int(4),
    radius = int(10),
    red = double(0),
    user_double = double(0),
    user_double2 = double(0),
    user_double3 = double(0),
    user_double4 = double(0),
    user_double5 = double(0),
    user_int = int(0),
    user_int2 = int(0),
    user_int3 = int(0),
    user_int4 = int(0),
    user_int5 = int(0),
    user_string = string(""),
    user_string2 = string(""),
    user_string3 = string(""),
    user_string4 = string(""),
    user_string5 = string(""),
    visible = int(1),
    w = int(20),
    x = int(0),
    y = int(0)
}
circle circles[8]
{
    animation_block = NULL,
    blue = double(1),
    drawing_order = int(0),
    green = double(0),
    h = int(20),
    proximity = int(4),
    radius = int(10),
    red = double(0),
    user_double = double(0),
    user_double2 = double(0),
    user_double3 = double(0),
    user_double4 = double(0),
    user_double5 = double(0),
    user_int = int(0),
    user_int2 = int(0),
    user_int3 = int(0),
    user_int4 = int(0),
    user_int5 = int(0),
    user_string = string(""),
    user_string2 = string(""),
    user_string3 = string(""),
    user_string4 = string(""),
    user_string5 = string(""),
    visible = int(1),
    w = int(20),
    x = int(0),
    y = int(0)
}
circle circles[9]
{
    animation_block = NULL,
    blue = double(1),
    drawing_order = int(0),
    green = double(0),
    h = int(20),
    proximity = int(4),
    radius = int(10),
    red = double(0),
    user_double = double(0),
    user_double2 = double(0),
    user_double3 = double(0),
    user_double4 = double(0),
    user_double5 = double(0),
    user_int = int(0),
    user_int2 = int(0),
    user_int3 = int(0),
    user_int4 = int(0),
    user_int5 = int(0),
    user_string = string(""),
    user_string2 = string(""),
    user_string3 = string(""),
    user_string4 = string(""),
    user_string5 = string(""),
    visible = int(1),
    w = int(20),
    x = int(0),
    y = int(0)
}
int down = 0
int i = 0
string window_title = "p7 t051.gpl -- compare to t051.jpg"
gpl.cpp::main() Calling window->initialize().


gpl.cpp::main() Passing control to window->main_loop().

User quit program. Printing the symbol table.
circle circles[0]
{
    animation_block = NULL,
    blue = double(1),
    drawing_order = int(0),
    green = double(0),
    h = int(20),
    proximity = int(4),
    radius = int(10),
    red = double(0),
    user_double = double(0),
    user_double2 = double(0),
    user_double3 = double(0),
    user_double4 = double(0),
    user_double5 = double(0),
    user_int = int(0),
    user_int2 = int(0),
    user_int3 = int(0),
    user_int4 = int(0),
    user_int5 = int(0),
    user_string = string(""),
    user_string2 = string(""),
    user_string3 = string(""),
    user_string4 = string(""),
    user_string5 = string(""),
    visible = int(1),
    w = int(20),
    x = int(380),
    y = int(0)
}
circle circles[1]
{
    animation_block = NULL,
    blue = double(1),
    drawing_order = int(0),
    green = double(0),
    h = int(20),
    proximity = int(4),
    radius = int(10),
    red = double(0),
    user_double = double(0),
    user_double2 = double(0),
    user_double3 = double(0),
    user_double4 = double(0),
    user_double5 = double(0),
    user_int = int(0),
    user_int2 = int(0),
    user_int3 = int(0),
    user_int4 = int(0),
    user_int5 = int(0),
    user_string = string(""),
    user_string2 = string(""),
    user_string3 = string(""),
    user_string4 = string(""),
    user_string5 = string(""),
    visible = int(1),
    w = int(20),
    x = int(380),
    y = int(20)
}
circle circles[2]
{
    animation_block = NULL,
    blue = double(1),
    drawing_order = int(0),
    green = double(0),
    h = int(20),
    proximity = int(4),
    radius = int(10),
    red = double(0),
    user_double = double(0),
    user_double2 = double(0),
    user_double3 = double(0),
    user_double4 = double(0),
    user_double5 = double(0),
    user_int = int(0),
    user_int2 = int(0),
    user_int3 = int(0),
    user_int4 = int(0),
    user_int5 = int(0),
    user_string = string(""),
    user_string2 = string(""),
    user_string3 = string(""),
    user_string4 = string(""),
    user_string5 = string(""),
    visible = int(1),
    w = int(20),
    x = int(380),
    y = int(40)
}
circle circles[3]
{
    animation_block = NULL,
    blue = double(1),
    drawing_order = int(0),
    green = double(0),
    h = int(20),
    proximity = int(4),
    radius = int(10),
    red = double(0),
    user_double = double(0),
    user_double2 = double(0),
    user_double3 = double(0),
    user_double4 = double(0),
    user_double5 = double(0),
    user_int = int(0),
    user_int2 = int(0),
    user_int3 = int(0),
    user_int4 = int(0),
    user_int5 = int(0),
    user_string = string(""),
    user_string2 = string(""),
    user_string3 = string(""),
    user_string4 = string(""),
    user_string5 = string(""),
    visible = int(1),
    w = int(20),
    x = int(380),
    y = int(60)
}
circle circles[4]
{
    animation_block = NULL,
    blue = double(1),
    drawing_order = int(0),
    green = double(0),
    h = int(20),
    proximity = int(4),
    radius = int(10),
    red = double(0),
    user_double = double(0),
    user_double2 = double(0),
    user_double3 = double(0),
    user_double4 = double(0),
    user_double5 = double(0),
    user_int = int(0),
    user_int2 = int(0),
    user_int3 = int(0),
    user_int4 = int(0),
    user_int5 = int(0),
    user_string = string(""),
    user_string2 = string(""),
    user_string3 = string(""),
    user_string4 = string(""),
    user_string5 = string(""),
    visible = int(1),
    w = int(20),
    x = int(380),
    y = int(80)
}
circle circles[5]
{
    animation_block = NULL,
    blue = double(1),
    drawing_order = int(0),
    green = double(0),
    h = int(20),
    proximity = int(4),
    radius = int(10),
    red = double(0),
    user_double = double(0),
    user_double2 = double(0),
    user_double3 = double(0),
    user_double4 = double(0),
    user_double5 = double(0),
    user_int = int(0),
    user_int2 = int(0),
    user_int3 = int(0),
    user_int4 = int(0),
    user_int5 = int(0),
    user_string = string(""),
    user_string2 = string(""),
    user_string3 = string(""),
    user_string4 = string(""),
    user_string5 = string(""),
    visible = int(1),
    w = int(20),
    x = int(380),
    y = int(100)
}
circle circles[6]
{
    animation_block = NULL,
    blue = double(1),
    drawing_order = int(0),
    green = double(0),
    h = int(20),
    proximity = int(4),
    radius = int(10),
    red = double(0),
    user_double = double(0),
    user_double2 = double(0),
    user_double3 = double(0),
    user_double4 = double(0),
    user_double5 = double(0),
    user_int = int(0),
    user_int2 = int(0),
    user_int3 = int(0),
    user_int4 = int(0),
    user_int5 = int(0),
    user_string = string(""),
    user_string2 = string(""),
    user_string3 = string(""),
    user_string4 = string(""),
    user_string5 = string(""),
    visible = int(1),
    w = int(20),
    x = int(380),
    y = int(120)
}
circle circles[7]
{
    animation_block = NULL,
    blue = double(1),
    drawing_order = int(0),
    green = double(0),
    h = int(20),
    proximity = int(4),
    radius = int(10),
    red = double(0),
    user_double = double(0),
    user_double2 = double(0),
    user_double3 = double(0),
    user_double4 = double(0),
    user_double5 = double(0),
    user_int = int(0),
    user_int2 = int(0),
    user_int3 = int(0),
    user_int4 = int(0),
    user_int5 = int(0),
    user_string = string(""),
    user_string2 = string(""),
    user_string3 = string(""),
    user_string4 = string(""),
    user_string5 = string(""),
    visible = int(1),
    w = int(20),
    x = int(380),
    y = int(140)
}
circle circles[8]
{
    animation_block = NULL,
    blue = double(1),
    drawing_order = int(0),
    green = double(0),
    h = int(20),
    proximity = int(4),
    radius = int(10),
    red = double(0),
    user_double = double(0),
    user_double2 = double(0),
    user_double3 = double(0),
    user_double4 = double(0),
    user_double5 = double(0),
    user_int = int(0),
    user_int2 = int(0),
    user_int3 = int(0),
    user_int4 = int(0),
    user_int5 = int(0),
    user_string = string(""),
    user_string2 = string(""),
    user_string3 = string(""),
    user_string4 = string(""),
    user_string5 = string(""),
    visible = int(1),
    w = int(20),
    x = int(380),
    y = int(160)
}
circle circles[9]
{
    animation_block = NULL,
    blue = double(1),
    drawing_order = int(0),
    green = double(0),
    h = int(20),
    proximity = int(4),
    radius = int(10),
    red = double(0),
    user_double = double(0),
    user_double2 = double(0),
    user_double3 = double(0),
    user_double4 = double(0),
    user_double5 = double(0),
    user_int = int(0),
    user_int2 = int(0),
    user_int3 = int(0),
    user_int4 = int(0),
    user_int5 = int(0),
    user_string = string(""),
    user_string2 = string(""),
    user_string3 = string(""),
    user_string4 = string(""),
    user_string5 = string(""),
    visible = int(1),
    w = int(20),
    x = int(380),
    y = int(180)
}
int down = 9
int i = 10
string window_title = "p7 t051.gpl -- compare to t051.jpg"
